date.0.true.json: True
date.1.true.json: True
date.0.false.json: False
date.1.false.json: False
date.2.false.json: False
