../bads/_dup_prop_1.model.json: True
../bads/_dup_prop_2.model.json: True
../bads/_infinite_recursion.model.json: True
../bads/_xx_0.model.json: True
../bads/_xx_1.model.json: True
../bads/_xx_2.model.json: True
../bads/_xx_4.model.json: True
../bads/_xx_5.model.json: True
en_00.model.json: True
english.model.json: True
fr_00.model.json: True
fran√ßais.model.json: True
json-model.model.json: True
json-model-moschin.model.json: True
json-model-preprocessed.model.json: True
l10n.model.json: True
obj_00.model.json: True
obj_01.model.json: True
obj_02.model.json: True
obj_03.model.json: True
obj_04.model.json: True
obj_05.model.json: True
../bads/bad_arr.model.json: Error
../bads/bad_char.model.json: Error
../bads/bad_colon.model.json: Error
../bads/bad_comma.model.json: Error
../bads/bad_key.model.json: Error
../bads/bool_0.model.json: False
../bads/bool_1.model.json: False
../bads/ex_0.model.json: False
../bads/ex_1.model.json: False
../bads/ex_2.model.json: False
../bads/ex_3.model.json: False
../bads/ex_4.model.json: False
../bads/ex_5.model.json: False
../bads/ex_6.model.json: False
../bads/ex_7.model.json: False
../bads/ex_8.model.json: False
../bads/ex_9.model.json: False
../bads/ex_a.model.json: False
../bads/int_0.model.json: False
../bads/int_1.model.json: False
../bads/name_0.model.json: False
../bads/name_1.model.json: False
../bads/name_2.model.json: False
../bads/name_3.model.json: False
../bads/opl_0.model.json: False
../bads/opl_1.model.json: False
../bads/opl_2.model.json: False
../bads/opl_3.model.json: False
../bads/opl_4.model.json: False
../bads/opl_5.model.json: False
../bads/pc_0.model.json: False
../bads/pc_1.model.json: False
../bads/pc_2.model.json: False
../bads/pc_3.model.json: False
../bads/pc_4.model.json: False
../bads/pipe_list.model.json: False
../bads/sharp_0.model.json: False
../bads/sharp_1.model.json: False
../bads/sharp_2.model.json: False
../bads/sharp_3.model.json: False
../bads/sharp_4.model.json: False
../bads/tilde_str.model.json: False
