en_00.model.json: True
english.model.json: True
fr_00.model.json: True
fran√ßais.model.json: True
json-model.model.json: True
json-model-moschin.model.json: True
json-model-preprocessed.model.json: True
l10n.model.json: True
obj_00.model.json: True
obj_01.model.json: True
obj_02.model.json: True
obj_03.model.json: True
obj_04.model.json: True
obj_05.model.json: True
../bads/_dup_prop_1.model.json: True
../bads/_dup_prop_2.model.json: True
../bads/_infinite_recursion.model.json: True
../bads/bool_0.model.json: False [('$Scalar.|[0]', '$', 'expecting null'), ('$Scalar.|[1]', '$', 'expecting boolean true'), ('$Scalar.|[2]', '$', 'expecting integer 0'), ('$Scalar.|[3]', '$', 'expecting integer 1'), ('$Scalar.|[4]', '$', 'expecting integer -1'), ('$Scalar.|[5]', '$', 'expecting number 0.0'), ('$Scalar.|[6]', '$', 'expecting number 1.0'), ('$Scalar.|[7]', '$', 'expecting number -1.0'), ('$Scalar.|[8]', '$', 'expecting a string'), ('$Scalar.|', '$', 'no any matched'), ('.RootModel.|[0]', '$', '$Scalar failed'), ('.Array', '$', 'expecting an array'), ('.RootModel.|[1]', '$', '$Array failed'), ('.Root.|[0]', '$', 'not an object'), ('.Root.|[1]', '$', 'not an object'), ('.Root.|[2]', '$', 'not an object'), ('.Root.|[3]', '$', 'not an object'), ('.Root.|[4]', '$', 'not an object'), ('.Root.|[5]', '$', 'not an object'), ('.Root.|', '$', 'no any matched'), ('.RootModel.|[2]', '$', '$Root failed'), ('.RootModel.|', '$', 'no any matched'), ('', '$', '$RootModel failed')]
../bads/bool_1.model.json: False [('$Scalar.|[0]', '$', 'expecting null'), ('$Scalar.|[1]', '$', 'expecting boolean true'), ('$Scalar.|[2]', '$', 'expecting integer 0'), ('$Scalar.|[3]', '$', 'expecting integer 1'), ('$Scalar.|[4]', '$', 'expecting integer -1'), ('$Scalar.|[5]', '$', 'expecting number 0.0'), ('$Scalar.|[6]', '$', 'expecting number 1.0'), ('$Scalar.|[7]', '$', 'expecting number -1.0'), ('$Scalar.|[8]', '$', 'expecting a string'), ('$Scalar.|', '$', 'no any matched'), ('.RootModel.|[0]', '$', '$Scalar failed'), ('.Array', '$', 'expecting an array'), ('.RootModel.|[1]', '$', '$Array failed'), ('$Scalar.|[0]', '$.@', 'expecting null'), ('$Scalar.|[1]', '$.@', 'expecting boolean true'), ('$Scalar.|[2]', '$.@', 'expecting integer 0'), ('$Scalar.|[3]', '$.@', 'expecting integer 1'), ('$Scalar.|[4]', '$.@', 'expecting integer -1'), ('$Scalar.|[5]', '$.@', 'expecting number 0.0'), ('$Scalar.|[6]', '$.@', 'expecting number 1.0'), ('$Scalar.|[7]', '$.@', 'expecting number -1.0'), ('$Scalar.|[8]', '$.@', 'expecting a string'), ('$Scalar.|', '$.@', 'no any matched'), ('$Model.|[0]', '$.@', '$Scalar failed'), ('.Array', '$.@', 'expecting an array'), ('$Model.|[1]', '$.@', '$Array failed'), ('$Elem.|[0]', '$.@', 'not an object'), ('$Elem.|[1]', '$.@', 'not an object'), ('$Elem.|[2]', '$.@', 'not an object'), ('$Elem.|[3]', '$.@', 'not an object'), ('$Elem.|[4]', '$.@', 'not an object'), ('$Elem.|[5]', '$.@', 'not an object'), ('$Elem.|', '$.@', 'no any matched'), ('$Model.|[2]', '$.@', '$Elem failed'), ('$Model.|', '$.@', 'no any matched'), ('.Root.|[0].@', '$.@', '$Model failed'), ('.Root.|[1]', '$.@', 'unexpected property @'), ('.Root.|[2]', '$.@', 'unexpected property @'), ('.Root.|[3]', '$.@', 'unexpected property @'), ('.Root.|[4]', '$.@', 'unexpected property @'), ('<NONE>', '$', '$NONE'), ('.Root.|[5].^[@|&^+/*]$', '$', '$NONE failed'), ('.Root.|', '$', 'no any matched'), ('.RootModel.|[2]', '$', '$Root failed'), ('.RootModel.|', '$', 'no any matched'), ('', '$', '$RootModel failed')]
../bads/exclusive_0.model.json: False [('$Scalar.|[0]', '$', 'expecting null'), ('$Scalar.|[1]', '$', 'expecting boolean true'), ('$Scalar.|[2]', '$', 'expecting integer 0'), ('$Scalar.|[3]', '$', 'expecting integer 1'), ('$Scalar.|[4]', '$', 'expecting integer -1'), ('$Scalar.|[5]', '$', 'expecting number 0.0'), ('$Scalar.|[6]', '$', 'expecting number 1.0'), ('$Scalar.|[7]', '$', 'expecting number -1.0'), ('$Scalar.|[8]', '$', 'expecting a string'), ('$Scalar.|', '$', 'no any matched'), ('.RootModel.|[0]', '$', '$Scalar failed'), ('.Array', '$', 'expecting an array'), ('.RootModel.|[1]', '$', '$Array failed'), ('$Scalar.|[0]', '$.@', 'expecting null'), ('.Root.|[0]', '$.&', 'unexpected property &'), ('.Root.|[1]', '$.@', 'unexpected property @'), ('.Root.|[2]', '$.@', 'unexpected property @'), ('.Root.|[3]', '$.@', 'unexpected property @'), ('.Root.|[4]', '$.@', 'unexpected property @'), ('<NONE>', '$', '$NONE'), ('.Root.|[5].^[@|&^+/*]$', '$', '$NONE failed'), ('.Root.|', '$', 'no any matched'), ('.RootModel.|[2]', '$', '$Root failed'), ('.RootModel.|', '$', 'no any matched'), ('', '$', '$RootModel failed')]
../bads/exclusive_1.model.json: False [('$Scalar.|[0]', '$', 'expecting null'), ('$Scalar.|[1]', '$', 'expecting boolean true'), ('$Scalar.|[2]', '$', 'expecting integer 0'), ('$Scalar.|[3]', '$', 'expecting integer 1'), ('$Scalar.|[4]', '$', 'expecting integer -1'), ('$Scalar.|[5]', '$', 'expecting number 0.0'), ('$Scalar.|[6]', '$', 'expecting number 1.0'), ('$Scalar.|[7]', '$', 'expecting number -1.0'), ('$Scalar.|[8]', '$', 'expecting a string'), ('$Scalar.|', '$', 'no any matched'), ('.RootModel.|[0]', '$', '$Scalar failed'), ('.Array', '$', 'expecting an array'), ('.RootModel.|[1]', '$', '$Array failed'), ('$Scalar.|[0]', '$.@', 'expecting null'), ('$Scalar.|[1]', '$.@', 'expecting boolean true'), ('$Scalar.|[2]', '$.@', 'expecting integer 0'), ('$Scalar.|[3]', '$.@', 'expecting integer 1'), ('$Scalar.|[4]', '$.@', 'expecting integer -1'), ('$Scalar.|[5]', '$.@', 'expecting number 0.0'), ('$Scalar.|[6]', '$.@', 'expecting number 1.0'), ('$Scalar.|[7]', '$.@', 'expecting number -1.0'), ('.Root.|[0]', '$.^', 'unexpected property ^'), ('.Root.|[1]', '$.@', 'unexpected property @'), ('.Root.|[2]', '$.@', 'unexpected property @'), ('.Root.|[3]', '$.@', 'unexpected property @'), ('.Root.|[4]', '$.@', 'unexpected property @'), ('<NONE>', '$', '$NONE'), ('.Root.|[5].^[@|&^+/*]$', '$', '$NONE failed'), ('.Root.|', '$', 'no any matched'), ('.RootModel.|[2]', '$', '$Root failed'), ('.RootModel.|', '$', 'no any matched'), ('', '$', '$RootModel failed')]
../bads/exclusive_2.model.json: False [('$Scalar.|[0]', '$', 'expecting null'), ('$Scalar.|[1]', '$', 'expecting boolean true'), ('$Scalar.|[2]', '$', 'expecting integer 0'), ('$Scalar.|[3]', '$', 'expecting integer 1'), ('$Scalar.|[4]', '$', 'expecting integer -1'), ('$Scalar.|[5]', '$', 'expecting number 0.0'), ('$Scalar.|[6]', '$', 'expecting number 1.0'), ('$Scalar.|[7]', '$', 'expecting number -1.0'), ('$Scalar.|[8]', '$', 'expecting a string'), ('$Scalar.|', '$', 'no any matched'), ('.RootModel.|[0]', '$', '$Scalar failed'), ('.Array', '$', 'expecting an array'), ('.RootModel.|[1]', '$', '$Array failed'), ('$Scalar.|[0]', '$.@', 'expecting null'), ('.Root.|[0]', '$.+', 'unexpected property +'), ('.Root.|[1]', '$.@', 'unexpected property @'), ('.Root.|[2]', '$.@', 'unexpected property @'), ('.Root.|[3]', '$.@', 'unexpected property @'), ('.Root.|[4]', '$.@', 'unexpected property @'), ('<NONE>', '$', '$NONE'), ('.Root.|[5].^[@|&^+/*]$', '$', '$NONE failed'), ('.Root.|', '$', 'no any matched'), ('.RootModel.|[2]', '$', '$Root failed'), ('.RootModel.|', '$', 'no any matched'), ('', '$', '$RootModel failed')]
../bads/exclusive_3.model.json: False [('$Scalar.|[0]', '$', 'expecting null'), ('$Scalar.|[1]', '$', 'expecting boolean true'), ('$Scalar.|[2]', '$', 'expecting integer 0'), ('$Scalar.|[3]', '$', 'expecting integer 1'), ('$Scalar.|[4]', '$', 'expecting integer -1'), ('$Scalar.|[5]', '$', 'expecting number 0.0'), ('$Scalar.|[6]', '$', 'expecting number 1.0'), ('$Scalar.|[7]', '$', 'expecting number -1.0'), ('$Scalar.|[8]', '$', 'expecting a string'), ('$Scalar.|', '$', 'no any matched'), ('.RootModel.|[0]', '$', '$Scalar failed'), ('.Array', '$', 'expecting an array'), ('.RootModel.|[1]', '$', '$Array failed'), ('.Root.|[0]', '$.|', 'unexpected property |'), ('.Root.|[1]', '$.^', 'unexpected property ^'), ('.Root.|[2]', '$.|', 'unexpected property |'), ('.Root.|[3]', '$.|', 'unexpected property |'), ('.Root.|[4]', '$.|', 'unexpected property |'), ('<NONE>', '$', '$NONE'), ('.Root.|[5].^[@|&^+/*]$', '$', '$NONE failed'), ('.Root.|', '$', 'no any matched'), ('.RootModel.|[2]', '$', '$Root failed'), ('.RootModel.|', '$', 'no any matched'), ('', '$', '$RootModel failed')]
../bads/exclusive_4.model.json: False [('$Scalar.|[0]', '$', 'expecting null'), ('$Scalar.|[1]', '$', 'expecting boolean true'), ('$Scalar.|[2]', '$', 'expecting integer 0'), ('$Scalar.|[3]', '$', 'expecting integer 1'), ('$Scalar.|[4]', '$', 'expecting integer -1'), ('$Scalar.|[5]', '$', 'expecting number 0.0'), ('$Scalar.|[6]', '$', 'expecting number 1.0'), ('$Scalar.|[7]', '$', 'expecting number -1.0'), ('$Scalar.|[8]', '$', 'expecting a string'), ('$Scalar.|', '$', 'no any matched'), ('.RootModel.|[0]', '$', '$Scalar failed'), ('.Array', '$', 'expecting an array'), ('.RootModel.|[1]', '$', '$Array failed'), ('.Root.|[0]', '$.&', 'unexpected property &'), ('.Root.|[1]', '$.&', 'unexpected property &'), ('.Root.|[2]', '$.|', 'unexpected property |'), ('.Root.|[3]', '$.&', 'unexpected property &'), ('.Root.|[4]', '$.&', 'unexpected property &'), ('<NONE>', '$', '$NONE'), ('.Root.|[5].^[@|&^+/*]$', '$', '$NONE failed'), ('.Root.|', '$', 'no any matched'), ('.RootModel.|[2]', '$', '$Root failed'), ('.RootModel.|', '$', 'no any matched'), ('', '$', '$RootModel failed')]
../bads/exclusive_5.model.json: False [('$Scalar.|[0]', '$', 'expecting null'), ('$Scalar.|[1]', '$', 'expecting boolean true'), ('$Scalar.|[2]', '$', 'expecting integer 0'), ('$Scalar.|[3]', '$', 'expecting integer 1'), ('$Scalar.|[4]', '$', 'expecting integer -1'), ('$Scalar.|[5]', '$', 'expecting number 0.0'), ('$Scalar.|[6]', '$', 'expecting number 1.0'), ('$Scalar.|[7]', '$', 'expecting number -1.0'), ('$Scalar.|[8]', '$', 'expecting a string'), ('$Scalar.|', '$', 'no any matched'), ('.RootModel.|[0]', '$', '$Scalar failed'), ('.Array', '$', 'expecting an array'), ('.RootModel.|[1]', '$', '$Array failed'), ('.Root.|[0]', '$.|', 'unexpected property |'), ('$Scalar.|[0]', '$.|[0]', 'expecting null'), ('$Scalar.|[1]', '$.|[0]', 'expecting boolean true'), ('$Scalar.|[0]', '$.|[1]', 'expecting null'), ('$Scalar.|[1]', '$.|[1]', 'expecting boolean true'), ('$Scalar.|[2]', '$.|[1]', 'expecting integer 0'), ('$Scalar.|[3]', '$.|[1]', 'expecting integer 1'), ('$Scalar.|[4]', '$.|[1]', 'expecting integer -1'), ('.Root.|[1]', '$.>=', 'unexpected property >='), ('.Root.|[2]', '$.|', 'unexpected property |'), ('.Root.|[3]', '$.|', 'unexpected property |'), ('.Root.|[4]', '$.|', 'unexpected property |'), ('<NONE>', '$', '$NONE'), ('.Root.|[5].^[@|&^+/*]$', '$', '$NONE failed'), ('.Root.|', '$', 'no any matched'), ('.RootModel.|[2]', '$', '$Root failed'), ('.RootModel.|', '$', 'no any matched'), ('', '$', '$RootModel failed')]
../bads/int_0.model.json: False [('$Scalar.|[0]', '$', 'expecting null'), ('$Scalar.|[1]', '$', 'expecting boolean true'), ('$Scalar.|[2]', '$', 'expecting integer 0'), ('$Scalar.|[3]', '$', 'expecting integer 1'), ('$Scalar.|[4]', '$', 'expecting integer -1'), ('$Scalar.|[5]', '$', 'expecting number 0.0'), ('$Scalar.|[6]', '$', 'expecting number 1.0'), ('$Scalar.|[7]', '$', 'expecting number -1.0'), ('$Scalar.|[8]', '$', 'expecting a string'), ('$Scalar.|', '$', 'no any matched'), ('.RootModel.|[0]', '$', '$Scalar failed'), ('.Array', '$', 'expecting an array'), ('.RootModel.|[1]', '$', '$Array failed'), ('.Root.|[0]', '$', 'not an object'), ('.Root.|[1]', '$', 'not an object'), ('.Root.|[2]', '$', 'not an object'), ('.Root.|[3]', '$', 'not an object'), ('.Root.|[4]', '$', 'not an object'), ('.Root.|[5]', '$', 'not an object'), ('.Root.|', '$', 'no any matched'), ('.RootModel.|[2]', '$', '$Root failed'), ('.RootModel.|', '$', 'no any matched'), ('', '$', '$RootModel failed')]
../bads/int_1.model.json: False [('$Scalar.|[0]', '$', 'expecting null'), ('$Scalar.|[1]', '$', 'expecting boolean true'), ('$Scalar.|[2]', '$', 'expecting integer 0'), ('$Scalar.|[3]', '$', 'expecting integer 1'), ('$Scalar.|[4]', '$', 'expecting integer -1'), ('$Scalar.|[5]', '$', 'expecting number 0.0'), ('$Scalar.|[6]', '$', 'expecting number 1.0'), ('$Scalar.|[7]', '$', 'expecting number -1.0'), ('$Scalar.|[8]', '$', 'expecting a string'), ('$Scalar.|', '$', 'no any matched'), ('.RootModel.|[0]', '$', '$Scalar failed'), ('.Array', '$', 'expecting an array'), ('.RootModel.|[1]', '$', '$Array failed'), ('$Scalar.|[0]', '$.@', 'expecting null'), ('$Scalar.|[1]', '$.@', 'expecting boolean true'), ('$Scalar.|[2]', '$.@', 'expecting integer 0'), ('$Scalar.|[3]', '$.@', 'expecting integer 1'), ('$Scalar.|[4]', '$.@', 'expecting integer -1'), ('$Scalar.|[5]', '$.@', 'expecting number 0.0'), ('$Scalar.|[6]', '$.@', 'expecting number 1.0'), ('$Scalar.|[7]', '$.@', 'expecting number -1.0'), ('$Scalar.|[8]', '$.@', 'expecting a string'), ('$Scalar.|', '$.@', 'no any matched'), ('$Model.|[0]', '$.@', '$Scalar failed'), ('.Array', '$.@', 'expecting an array'), ('$Model.|[1]', '$.@', '$Array failed'), ('$Elem.|[0]', '$.@', 'not an object'), ('$Elem.|[1]', '$.@', 'not an object'), ('$Elem.|[2]', '$.@', 'not an object'), ('$Elem.|[3]', '$.@', 'not an object'), ('$Elem.|[4]', '$.@', 'not an object'), ('$Elem.|[5]', '$.@', 'not an object'), ('$Elem.|', '$.@', 'no any matched'), ('$Model.|[2]', '$.@', '$Elem failed'), ('$Model.|', '$.@', 'no any matched'), ('.Root.|[0].@', '$.@', '$Model failed'), ('.Root.|[1]', '$.@', 'unexpected property @'), ('.Root.|[2]', '$.@', 'unexpected property @'), ('.Root.|[3]', '$.@', 'unexpected property @'), ('.Root.|[4]', '$.@', 'unexpected property @'), ('<NONE>', '$', '$NONE'), ('.Root.|[5].^[@|&^+/*]$', '$', '$NONE failed'), ('.Root.|', '$', 'no any matched'), ('.RootModel.|[2]', '$', '$Root failed'), ('.RootModel.|', '$', 'no any matched'), ('', '$', '$RootModel failed')]
../bads/pipe_list.model.json: False [('$Scalar.|[0]', '$', 'expecting null'), ('$Scalar.|[1]', '$', 'expecting boolean true'), ('$Scalar.|[2]', '$', 'expecting integer 0'), ('$Scalar.|[3]', '$', 'expecting integer 1'), ('$Scalar.|[4]', '$', 'expecting integer -1'), ('$Scalar.|[5]', '$', 'expecting number 0.0'), ('$Scalar.|[6]', '$', 'expecting number 1.0'), ('$Scalar.|[7]', '$', 'expecting number -1.0'), ('$Scalar.|[8]', '$', 'expecting a string'), ('$Scalar.|', '$', 'no any matched'), ('.RootModel.|[0]', '$', '$Scalar failed'), ('.Array', '$', 'expecting an array'), ('.RootModel.|[1]', '$', '$Array failed'), ('.Root.|[0]', '$.|', 'unexpected property |'), ('.Root.|[1].|', '$.|', 'expecting an array'), ('.Root.|[2]', '$.|', 'unexpected property |'), ('.Root.|[3]', '$.|', 'unexpected property |'), ('.Root.|[4]', '$.|', 'unexpected property |'), ('<NONE>', '$', '$NONE'), ('.Root.|[5].^[@|&^+/*]$', '$', '$NONE failed'), ('.Root.|', '$', 'no any matched'), ('.RootModel.|[2]', '$', '$Root failed'), ('.RootModel.|', '$', 'no any matched'), ('', '$', '$RootModel failed')]
../bads/sharp_type.model.json: False [('$Scalar.|[0]', '$', 'expecting null'), ('$Scalar.|[1]', '$', 'expecting boolean true'), ('$Scalar.|[2]', '$', 'expecting integer 0'), ('$Scalar.|[3]', '$', 'expecting integer 1'), ('$Scalar.|[4]', '$', 'expecting integer -1'), ('$Scalar.|[5]', '$', 'expecting number 0.0'), ('$Scalar.|[6]', '$', 'expecting number 1.0'), ('$Scalar.|[7]', '$', 'expecting number -1.0'), ('$Scalar.|[8]', '$', 'expecting a string'), ('$Scalar.|', '$', 'no any matched'), ('.RootModel.|[0]', '$', '$Scalar failed'), ('.Array', '$', 'expecting an array'), ('.RootModel.|[1]', '$', '$Array failed'), ('.Root.|[0].#', '$.#', 'expecting a string'), ('.Root.|[1].#', '$.#', 'expecting a string'), ('.Root.|[2].#', '$.#', 'expecting a string'), ('.Root.|[3].#', '$.#', 'expecting a string'), ('.Root.|[4].#', '$.#', 'expecting a string'), ('.Root.|[5].#', '$.#', 'expecting a string'), ('.Root.|', '$', 'no any matched'), ('.RootModel.|[2]', '$', '$Root failed'), ('.RootModel.|', '$', 'no any matched'), ('', '$', '$RootModel failed')]
../bads/tilde_str.model.json: False [('$Scalar.|[0]', '$', 'expecting null'), ('$Scalar.|[1]', '$', 'expecting boolean true'), ('$Scalar.|[2]', '$', 'expecting integer 0'), ('$Scalar.|[3]', '$', 'expecting integer 1'), ('$Scalar.|[4]', '$', 'expecting integer -1'), ('$Scalar.|[5]', '$', 'expecting number 0.0'), ('$Scalar.|[6]', '$', 'expecting number 1.0'), ('$Scalar.|[7]', '$', 'expecting number -1.0'), ('$Scalar.|[8]', '$', 'expecting a string'), ('$Scalar.|', '$', 'no any matched'), ('.RootModel.|[0]', '$', '$Scalar failed'), ('.Array', '$', 'expecting an array'), ('.RootModel.|[1]', '$', '$Array failed'), ('.Url', '$.~', 'expecting regex /^((file|https?)://.+|\\./.*|\\.\\./.*)$/'), ('.Root.|[0].~', '$.~', '$Url failed'), ('.Url', '$.~', 'expecting regex /^((file|https?)://.+|\\./.*|\\.\\./.*)$/'), ('.Root.|[1].~', '$.~', '$Url failed'), ('.Url', '$.~', 'expecting regex /^((file|https?)://.+|\\./.*|\\.\\./.*)$/'), ('.Root.|[2].~', '$.~', '$Url failed'), ('.Url', '$.~', 'expecting regex /^((file|https?)://.+|\\./.*|\\.\\./.*)$/'), ('.Root.|[3].~', '$.~', '$Url failed'), ('.Url', '$.~', 'expecting regex /^((file|https?)://.+|\\./.*|\\.\\./.*)$/'), ('.Root.|[4].~', '$.~', '$Url failed'), ('.Url', '$.~', 'expecting regex /^((file|https?)://.+|\\./.*|\\.\\./.*)$/'), ('.Root.|[5].~', '$.~', '$Url failed'), ('.Root.|', '$', 'no any matched'), ('.RootModel.|[2]', '$', '$Root failed'), ('.RootModel.|', '$', 'no any matched'), ('', '$', '$RootModel failed')]
