en_00.model.json: PASS
english.model.json: PASS
fr_00.model.json: PASS
fran√ßais.model.json: PASS
json-model.model.json: PASS
json-model-moschin.model.json: PASS
json-model-preprocessed.model.json: PASS
l10n.model.json: PASS
obj_00.model.json: PASS
obj_01.model.json: PASS
obj_02.model.json: PASS
obj_03.model.json: PASS
obj_04.model.json: PASS
obj_05.model.json: PASS
bads/bool_0.model.json: FAIL
bads/bool_1.model.json: FAIL
bads/_dup_prop_1.model.json: PASS
bads/_dup_prop_2.model.json: PASS
bads/exclusive_0.model.json: FAIL
bads/exclusive_1.model.json: FAIL
bads/exclusive_2.model.json: FAIL
bads/exclusive_3.model.json: FAIL
bads/exclusive_4.model.json: FAIL
bads/exclusive_5.model.json: FAIL
bads/_infinite_recursion.model.json: PASS
bads/int_0.model.json: FAIL
bads/int_1.model.json: FAIL
bads/pipe_list.model.json: FAIL
bads/sharp_type.model.json: FAIL
bads/tilde_str.model.json: FAIL
