Disassembly of _fun:
              0 COPY_FREE_VARS           4

780           2 RESUME                   0
              4 LOAD_GLOBAL              1 (NULL + isinstance)
             14 LOAD_FAST                0 (v)
             16 LOAD_GLOBAL              2 (str)
             26 CALL                     2
             34 COPY                     1
             36 POP_JUMP_IF_FALSE       10 (to 58)
             38 POP_TOP
             40 PUSH_NULL
             42 LOAD_DEREF               2 (check_re)
             44 LOAD_FAST                0 (v)
             46 CALL                     1
             54 LOAD_CONST               0 (None)
             56 IS_OP                    1
        >>   58 COPY                     1
             60 POP_JUMP_IF_TRUE        22 (to 106)
             62 POP_TOP

781          64 LOAD_DEREF               5 (self)
             66 LOAD_ATTR                5 (NULL|self + _no)
             86 LOAD_DEREF               4 (mpath)
             88 LOAD_FAST                1 (p)
             90 LOAD_CONST               1 ('expecting regex ')
             92 LOAD_DEREF               3 (model)
             94 FORMAT_VALUE             0
             96 BUILD_STRING             2
             98 CALL                     3

780     >>  106 RETURN_VALUE

None
