re_2.0.true.json: True
re_2.0.false.json: False
re_2.1.false.json: False
