str_2.0.true.json: True
str_2.0.false.json: False [('', '$', 'expecting a string')]
str_2.1.false.json: False [('', '$', 'expecting a string')]
str_2.2.false.json: False [('', '$', 'expecting a string')]
str_2.3.false.json: False [('', '$', 'expecting a string')]
str_2.4.false.json: False [('', '$', 'expecting a string')]
