scope_1.values.json[0]: PASS
scope_1.values.json[1]: PASS
scope_1.values.json[2]: PASS
scope_1.values.json[3]: FAIL [("unexpected REGEX [$.'$S']", []), ("unexpected $S [$.'|'.0]", []), ("unexpected REGEX [$.'$R#S']", []), ("unexpected $R#S [$.'|'.1]", []), ("no model matched [$.'|']", [])]
scope_1.values.json[4]: FAIL [("unexpected REGEX [$.'$S']", []), ("unexpected $S [$.'|'.0]", []), ("unexpected REGEX [$.'$R#S']", []), ("unexpected $R#S [$.'|'.1]", []), ("no model matched [$.'|']", [])]
scope_1.values.json[5]: FAIL [("unexpected REGEX [$.'$S']", []), ("unexpected $S [$.'|'.0]", []), ("unexpected REGEX [$.'$R#S']", []), ("unexpected $R#S [$.'|'.1]", []), ("no model matched [$.'|']", [])]
scope_1.values.json[6]: FAIL [("unexpected REGEX [$.'$S']", []), ("unexpected $S [$.'|'.0]", []), ("unexpected REGEX [$.'$R#S']", []), ("unexpected $R#S [$.'|'.1]", []), ("no model matched [$.'|']", [])]
scope_1.values.json[7]: FAIL [("unexpected REGEX [$.'$S']", []), ("unexpected $S [$.'|'.0]", []), ("unexpected REGEX [$.'$R#S']", []), ("unexpected $R#S [$.'|'.1]", []), ("no model matched [$.'|']", [])]
scope_1.values.json[8]: FAIL [("unexpected REGEX [$.'$S']", []), ("unexpected $S [$.'|'.0]", []), ("unexpected REGEX [$.'$R#S']", []), ("unexpected $R#S [$.'|'.1]", []), ("no model matched [$.'|']", [])]
scope_1.values.json[9]: FAIL [("unexpected REGEX [$.'$S']", []), ("unexpected $S [$.'|'.0]", []), ("unexpected REGEX [$.'$R#S']", []), ("unexpected $R#S [$.'|'.1]", []), ("no model matched [$.'|']", [])]
scope_1.values.json[10]: FAIL [("unexpected REGEX [$.'$S']", []), ("unexpected $S [$.'|'.0]", []), ("unexpected REGEX [$.'$R#S']", []), ("unexpected $R#S [$.'|'.1]", []), ("no model matched [$.'|']", [])]
