untype00.values.json[0]: PASS
untype00.values.json[1]: PASS
untype00.values.json[2]: FAIL (.: constraints failed at [$]) (.: invalid int constraint)
untype00.values.json[3]: FAIL (.: constraints failed at [$]) (.: invalid int constraint)
untype00.values.json[4]: FAIL (.: constraints failed at [$]) (.: no model matched [$.'@'.'|']) (.: unexpected string [$.'@'.'|'.1]) (.: not a 1 strict int [$.'@'.'|'.0])
untype00.values.json[5]: FAIL (.: constraints failed at [$]) (.: no model matched [$.'@'.'|']) (.: unexpected string [$.'@'.'|'.1]) (.: not a 1 strict int [$.'@'.'|'.0])
untype00.values.json[6]: FAIL (.: constraints failed at [$]) (.: no model matched [$.'@'.'|']) (.: unexpected string [$.'@'.'|'.1]) (.: not a 1 strict int [$.'@'.'|'.0])
untype00.values.json[7]: FAIL (.: constraints failed at [$]) (.: no model matched [$.'@'.'|']) (.: unexpected string [$.'@'.'|'.1]) (.: not a 1 strict int [$.'@'.'|'.0])
untype00.values.json[8]: FAIL (.: constraints failed at [$]) (.: no model matched [$.'@'.'|']) (.: unexpected string [$.'@'.'|'.1]) (.: not a 1 strict int [$.'@'.'|'.0])
untype00.values.json[9]: FAIL (.: constraints failed at [$]) (.: no model matched [$.'@'.'|']) (.: unexpected string [$.'@'.'|'.1]) (.: not a 1 strict int [$.'@'.'|'.0])
untype00.values.json[10]: FAIL (.: constraints failed at [$]) (.: no model matched [$.'@'.'|']) (.: unexpected string [$.'@'.'|'.1]) (.: not a 1 strict int [$.'@'.'|'.0])
