and_str00.0.true.json: PASS
and_str00.1.false.json: FAIL
