arr_2.0.true.json: PASS
arr_2.1.false.json: FAIL ['not array or bad array length at $ [$]', 'not array or unexpected array at $ [$]']
arr_2.2.false.json: FAIL ['not array or bad array length at $ [$]', 'not array or unexpected array at $ [$]']
arr_2.3.false.json: FAIL ['not array or bad array length at $ [$]', 'not array or unexpected array at $ [$]']
arr_2.4.false.json: FAIL ['not array or bad array length at $ [$]', 'not array or unexpected array at $ [$]']
arr_2.5.false.json: FAIL ['not array or bad array length at $ [$]', 'not array or unexpected array at $ [$]']
