dis_00.0.true.json: PASS
dis_00.1.true.json: PASS
dis_00.2.true.json: PASS
dis_00.3.false.json: FAIL [('.|[*].tag', '$.tag', 'unexpected tag tag value z')]
dis_00.4.false.json: FAIL [('.|[0]', '$.b', 'unexpected property b')]
