enum_05.0.true.json: PASS
enum_05.1.true.json: PASS
enum_05.2.true.json: PASS
enum_05.3.true.json: PASS
enum_05.4.false.json: FAIL ["value not in enum at $ [$.'|']", "not an expected =200 at $ [$.'|'.0]", "not null at $ [$.'|'.1]", "not an expected =3.1415927 at $ [$.'|'.2]", "not any model match at $ [$.'|']"]
enum_05.5.false.json: FAIL ["value not in enum at $ [$.'|']", "not an expected =200 at $ [$.'|'.0]", "not null at $ [$.'|'.1]", "not an expected =3.1415927 at $ [$.'|'.2]", "not any model match at $ [$.'|']"]
enum_05.6.false.json: FAIL ["value not in enum at $ [$.'|']", "not an expected =200 at $ [$.'|'.0]", "not null at $ [$.'|'.1]", "not an expected =3.1415927 at $ [$.'|'.2]", "not any model match at $ [$.'|']"]
enum_05.7.false.json: FAIL ["value not in enum at $ [$.'|']", "not an expected =200 at $ [$.'|'.0]", "not null at $ [$.'|'.1]", "not an expected =3.1415927 at $ [$.'|'.2]", "not any model match at $ [$.'|']"]
