hello2.0.true.json: PASS
hello2.1.true.json: PASS
hello2.2.false.json: FAIL ['not a bool at $.world [$.world]', 'invalid must prop value at $.world [$.world]']
