hello3.0.true.json: PASS
hello3.1.true.json: PASS
hello3.2.false.json: FAIL ['not a bool at $.world [$.world]', 'invalid must prop value at $.world [$.world]']
