obj00.00.true.json: True
obj00.01.false.json: False
