obj_02.values.json[0]: PASS
obj_02.values.json[1]: PASS
obj_02.values.json[2]: PASS
obj_02.values.json[3]: FAIL (.: not an expected object at [$]) (.A: not a bool [$.'/^[A-Z]$/'])
obj_02.values.json[4]: FAIL (.: not an expected object at [$]) (.a: no other prop expected [$])
obj_02.values.json[5]: FAIL (.: not an expected object at [$]) (.: not an object [$])
obj_02.values.json[6]: FAIL (.: not an expected object at [$]) (.: not an object [$])
obj_02.values.json[7]: FAIL (.: not an expected object at [$]) (.: not an object [$])
obj_02.values.json[8]: FAIL (.: not an expected object at [$]) (.: not an object [$])
obj_02.values.json[9]: FAIL (.: not an expected object at [$]) (.: not an object [$])
obj_02.values.json[10]: FAIL (.: not an expected object at [$]) (.: not an object [$])
obj_02.values.json[11]: FAIL (.: not an expected object at [$]) (.: not an object [$])
