opt_sl.0.true.json: PASS
opt_sl.2.true.json: PASS
opt_sl.1.false.json: FAIL ['not a -1 int at $.i [$.i]', 'invalid must prop value at $.i [$.i]']
opt_sl.3.false.json: FAIL ['not a -1 int at $.i [$.i]', 'invalid must prop value at $.i [$.i]']
opt_sl.4.false.json: FAIL ['not a -1 int at $.i [$.i]', 'invalid must prop value at $.i [$.i]']
