or_01.0.true.json: PASS
or_01.1.true.json: PASS
or_01.2.false.json: FAIL [('.|[0]', '$', 'expecting string Susie'), ('.|[1]', '$', 'expecting string Calvin'), ('.|[2]', '$', 'expecting regex /[0-9]/'), ('.|', '$', 'no any matched')]
or_01.3.false.json: FAIL [('.|[0]', '$', 'expecting string Susie'), ('.|[1]', '$', 'expecting string Calvin'), ('.|[2]', '$', 'expecting regex /[0-9]/'), ('.|', '$', 'no any matched')]
or_01.4.false.json: FAIL [('.|[0]', '$', 'expecting string Susie'), ('.|[1]', '$', 'expecting string Calvin'), ('.|[2]', '$', 'expecting regex /[0-9]/'), ('.|', '$', 'no any matched')]
or_01.5.false.json: FAIL [('.|[0]', '$', 'expecting string Susie'), ('.|[1]', '$', 'expecting string Calvin'), ('.|[2]', '$', 'expecting regex /[0-9]/'), ('.|', '$', 'no any matched')]
or_01.6.false.json: FAIL [('.|[0]', '$', 'expecting string Susie'), ('.|[1]', '$', 'expecting string Calvin'), ('.|[2]', '$', 'expecting regex /[0-9]/'), ('.|', '$', 'no any matched')]
