orob_00.values.json[0]: PASS
orob_00.values.json[1]: PASS
orob_00.values.json[2]: FAIL (.: no model matched [$.'|']) (.: not an expected object at [$.'|'.1]) (.a: no other prop expected [$.'|'.1]) (.: not an expected object at [$.'|'.0]) (.b: no other prop expected [$.'|'.0])
orob_00.values.json[3]: FAIL (.: no model matched [$.'|']) (.: not an expected object at [$.'|'.1]) (.: missing must prop [$.'|'.1]) (.: not an expected object at [$.'|'.0]) (.: missing must prop [$.'|'.0])
orob_00.values.json[4]: FAIL (.: no model matched [$.'|']) (.: not an expected object at [$.'|'.1]) (.a: no other prop expected [$.'|'.1]) (.: not an expected object at [$.'|'.0]) (.c: no other prop expected [$.'|'.0])
orob_00.values.json[5]: FAIL (.: unexpected type at [$.'|'])
orob_00.values.json[6]: FAIL (.: unexpected type at [$.'|'])
orob_00.values.json[7]: FAIL (.: unexpected type at [$.'|'])
orob_00.values.json[8]: FAIL (.: unexpected type at [$.'|'])
orob_00.values.json[9]: FAIL (.: unexpected type at [$.'|'])
orob_00.values.json[10]: FAIL (.: unexpected type at [$.'|'])
orob_00.values.json[11]: FAIL (.: unexpected type at [$.'|'])
