rec02.0.true.json: PASS
rec02.1.true.json: PASS
rec02.2.true.json: PASS
rec02.3.false.json: FAIL
rec02.4.false.json: FAIL
