and_int00.schema.json: PASS
and_str00.schema.json: PASS
and_str01.schema.json: PASS
any.schema.json: PASS
arr_0.schema.json: PASS
arr_1.schema.json: PASS
arr_2.schema.json: PASS
arr_any.schema.json: PASS
at_bool.schema.json: PASS
bool.schema.json: PASS
bool_s.schema.json: PASS
compl00.schema.json: PASS
date.schema.json: PASS
def00.schema.json: PASS
dl_00.schema.json: PASS
dst_00.schema.json: PASS
dst_01.schema.json: PASS
dst_02.schema.json: PASS
dst_03.schema.json: PASS
enum_00.schema.json: PASS
enum_01.schema.json: PASS
enum_02.schema.json: PASS
eq_3p14.schema.json: PASS
eq_42.schema.json: PASS
eq_false.schema.json: PASS
eq_null.schema.json: PASS
eq_true.schema.json: PASS
eval_00.schema.json: PASS
eval_01.schema.json: PASS
ex_00.schema.json: PASS
ex_01.schema.json: PASS
ex_02.schema.json: PASS
ex_03.schema.json: PASS
ex_04.schema.json: PASS
ex_05.schema.json: PASS
ex_06.schema.json: PASS
ex_07.schema.json: PASS
ex_08.schema.json: PASS
ex_09.schema.json: PASS
exob00.schema.json: PASS
float_0.schema.json: PASS
float_1.schema.json: PASS
float_m1.schema.json: PASS
fourty-two.schema.json: PASS
geo.schema.json: PASS
hello2.schema.json: PASS
hello3.schema.json: PASS
hello4.schema.json: PASS
hello.schema.json: PASS
int_0.schema.json: PASS
int_1.schema.json: PASS
int_m1.schema.json: PASS
jsound.schema.json: PASS
loose.schema.json: PASS
loose_strict.schema.json: PASS
m06.schema.json: PASS
m07.schema.json: PASS
m08.schema.json: PASS
mrg_00.schema.json: PASS
mrg_01.schema.json: PASS
mrg_02.schema.json: PASS
mrg_03.schema.json: PASS
none.schema.json: PASS
null.schema.json: PASS
obj00.schema.json: PASS
obj01.schema.json: FAIL
obj_any.schema.json: PASS
opt_00.schema.json: PASS
opt_01.schema.json: PASS
opt_02.schema.json: PASS
opt_03.schema.json: PASS
opt_04.schema.json: PASS
opt_05.schema.json: PASS
opt_06.schema.json: PASS
opt_07.schema.json: PASS
opt_08.schema.json: PASS
opt_fl.schema.json: PASS
opt_fs.schema.json: PASS
opt_il.schema.json: PASS
opt_is.schema.json: PASS
opt_ll.schema.json: PASS
opt_ls.schema.json: PASS
opt_sl.schema.json: PASS
opt_ss.schema.json: PASS
or_00.schema.json: PASS
or_01.schema.json: PASS
or_02.schema.json: PASS
or_03.schema.json: PASS
or_04.schema.json: PASS
or_05.schema.json: PASS
or_06.schema.json: PASS
or_07.schema.json: PASS
or_08.schema.json: PASS
or_09.schema.json: PASS
or_0.schema.json: PASS
or10.schema.json: PASS
or_1.schema.json: PASS
orob_00.schema.json: PASS
pNULL.schema.json: PASS
pNUMBER.schema.json: PASS
pU64.schema.json: PASS
pUUID.schema.json: PASS
re_0.schema.json: PASS
re_1.schema.json: PASS
re_2.schema.json: PASS
re_3.schema.json: PASS
rec_00.schema.json: PASS
rec_01.schema.json: PASS
rec_02.schema.json: PASS
rec_03.schema.json: PASS
scope_0.schema.json: PASS
scope_1.schema.json: PASS
scp_00.schema.json: PASS
scp_01.schema.json: PASS
str_0.schema.json: PASS
str_1.schema.json: PASS
str_2.schema.json: PASS
strict.schema.json: PASS
tag00.schema.json: PASS
tag01.schema.json: PASS
tag02.schema.json: PASS
uniq_0.schema.json: PASS
uniq_1.schema.json: PASS
xor_00.schema.json: PASS
xor_01.schema.json: PASS
xor_02.schema.json: PASS
xor_03.schema.json: PASS
xor_04.schema.json: PASS
xor_ob00.schema.json: PASS
xor_ob01.schema.json: PASS
xor_ob02.schema.json: PASS
xor_ob03.schema.json: PASS
