scope_0.0.true.json: PASS
scope_0.0.false.json: FAIL
