scope_0.0.true.json: True
scope_0.1.false.json: False [('', '$', 'bad array length')]
