scp_01.values.json[0]: PASS
scp_01.values.json[1]: PASS
scp_01.values.json[2]: PASS
scp_01.values.json[3]: PASS
scp_01.values.json[4]: FAIL (.: not an expected object at [$]) (.: missing must prop [$])
scp_01.values.json[5]: FAIL (.: not an expected object at [$]) (.Z: no other prop expected [$])
scp_01.values.json[6]: FAIL (.: not an expected object at [$]) (.: missing must prop [$])
scp_01.values.json[7]: FAIL (.: not an expected object at [$]) (.: missing must prop [$])
scp_01.values.json[8]: FAIL (.: not an expected object at [$]) (.: missing must prop [$])
scp_01.values.json[9]: FAIL (.: not an expected object at [$]) (.not: no other prop expected [$])
scp_01.values.json[10]: FAIL (.: not an expected object at [$]) (.: not an object [$])
scp_01.values.json[11]: FAIL (.: not an expected object at [$]) (.: not an object [$])
scp_01.values.json[12]: FAIL (.: not an expected object at [$]) (.: not an object [$])
scp_01.values.json[13]: FAIL (.: not an expected object at [$]) (.: not an object [$])
scp_01.values.json[14]: FAIL (.: not an expected object at [$]) (.: not an object [$])
scp_01.values.json[15]: FAIL (.: not an expected object at [$]) (.: not an object [$])
scp_01.values.json[16]: FAIL (.: not an expected object at [$]) (.: not an object [$])
