uniq_1.0.true.json: True
uniq_1.1.false.json: False
