uniq_1.0.true.json: True
uniq_1.1.false.json: False [('', '$[0]', 'expecting a string'), ('', '$[1]', 'expecting a string'), ('', '$[2]', 'expecting a string'), ('', '$', 'all failures 3/3: [0, 1, 2]')]
