#
# json model 0
#
              0 COPY_FREE_VARS           3
              2 MAKE_CELL                0 (v)
              4 MAKE_CELL                1 (p)

              6 RESUME                   0
              8 LOAD_GLOBAL              1 (NULL + any)
             18 LOAD_CLOSURE             1 (p)
             20 LOAD_CLOSURE             0 (v)
             22 BUILD_TUPLE              2
             24 LOAD_CONST               1 (<*>)
             26 MAKE_FUNCTION            8 (closure)
             28 LOAD_DEREF               4 (subs)
             30 GET_ITER
             32 CALL                     0
             40 CALL                     1
             48 COPY                     1
             50 POP_JUMP_IF_TRUE        19 (to 90)
             52 POP_TOP

             54 LOAD_DEREF               3 (self)
             56 LOAD_ATTR                3 (NULL|self + _no)
             76 LOAD_DEREF               2 (mp)
             78 LOAD_DEREF               1 (p)
             80 LOAD_CONST               2 ('no any matched')
             82 CALL                     3

        >>   90 RETURN_VALUE

#
# json model 1
#
              0 COPY_FREE_VARS           3
              2 MAKE_CELL                0 (v)
              4 MAKE_CELL                1 (p)

              6 RESUME                   0
              8 LOAD_GLOBAL              1 (NULL + any)
             18 LOAD_CLOSURE             1 (p)
             20 LOAD_CLOSURE             0 (v)
             22 BUILD_TUPLE              2
             24 LOAD_CONST               1 (<*>)
             26 MAKE_FUNCTION            8 (closure)
             28 LOAD_DEREF               4 (subs)
             30 GET_ITER
             32 CALL                     0
             40 CALL                     1
             48 COPY                     1
             50 POP_JUMP_IF_TRUE        19 (to 90)
             52 POP_TOP

             54 LOAD_DEREF               3 (self)
             56 LOAD_ATTR                3 (NULL|self + _no)
             76 LOAD_DEREF               2 (mp)
             78 LOAD_DEREF               1 (p)
             80 LOAD_CONST               2 ('no any matched')
             82 CALL                     3

        >>   90 RETURN_VALUE

#
# json model 2
#
              0 COPY_FREE_VARS           3
              2 MAKE_CELL                0 (v)
              4 MAKE_CELL                1 (p)

              6 RESUME                   0
              8 LOAD_GLOBAL              1 (NULL + any)
             18 LOAD_CLOSURE             1 (p)
             20 LOAD_CLOSURE             0 (v)
             22 BUILD_TUPLE              2
             24 LOAD_CONST               1 (<*>)
             26 MAKE_FUNCTION            8 (closure)
             28 LOAD_DEREF               4 (subs)
             30 GET_ITER
             32 CALL                     0
             40 CALL                     1
             48 COPY                     1
             50 POP_JUMP_IF_TRUE        19 (to 90)
             52 POP_TOP

             54 LOAD_DEREF               3 (self)
             56 LOAD_ATTR                3 (NULL|self + _no)
             76 LOAD_DEREF               2 (mp)
             78 LOAD_DEREF               1 (p)
             80 LOAD_CONST               2 ('no any matched')
             82 CALL                     3

        >>   90 RETURN_VALUE

