base-013.values.json[0]: PASS
base-013.values.json[1]: PASS
base-013.values.json[2]: FAIL [('not a bool []', [])]
base-013.values.json[3]: FAIL [('not a bool []', [])]
base-013.values.json[4]: FAIL [('not a bool []', [])]
base-013.values.json[5]: FAIL [('not a bool []', [])]
base-013.values.json[6]: FAIL [('not a bool []', [])]
base-013.values.json[7]: FAIL [('not a bool []', [])]
