hello3.values.json[0]: PASS
hello3.values.json[1]: PASS
hello3.values.json[2]: FAIL [('not a bool [$.world]', ['world']), ('invalid must property value [$.world]', ['world']), ('not an expected object at [$]', [])]
